[2025-05-03 02:18:30] - IP: ::1 - API Key: key123 - Path: users - Status: 200
[2025-05-03 02:18:34] - IP: ::1 - API Key: None - Path: users - Status: 401
[2025-05-03 02:18:35] - IP: ::1 - API Key: None - Path: users - Status: 401
[2025-05-03 02:19:02] - IP: ::1 - API Key: None - Path: users - Status: 401
[2025-05-03 02:19:02] - IP: ::1 - API Key: None - Path: users - Status: 401
[2025-05-03 02:19:03] - IP: ::1 - API Key: None - Path: users - Status: 401
[2025-05-03 02:19:03] - IP: ::1 - API Key: None - Path: users - Status: 401
[2025-05-03 02:19:04] - IP: ::1 - API Key: None - Path: users - Status: 401
[2025-05-03 02:19:05] - IP: ::1 - API Key: None - Path: users - Status: 401
[2025-05-03 02:19:05] - IP: ::1 - API Key: None - Path: users - Status: 401
[2025-05-03 02:19:06] - IP: ::1 - API Key: None - Path: users - Status: 401
[2025-05-03 02:19:06] - IP: ::1 - API Key: None - Path: users - Status: 401
[2025-05-03 02:19:07] - IP: ::1 - API Key: None - Path: users - Status: 401
[2025-05-03 02:19:07] - IP: ::1 - API Key: None - Path: users - Status: 401
[2025-05-03 02:19:08] - IP: ::1 - API Key: None - Path: users - Status: 401
[2025-05-03 02:19:09] - IP: ::1 - API Key: None - Path: users - Status: 401
[2025-05-03 02:19:10] - IP: ::1 - API Key: None - Path: users - Status: 401
[2025-05-03 02:19:21] - IP: ::1 - API Key: key123 - Path: users - Status: 200
[2025-05-03 02:19:22] - IP: ::1 - API Key: key123 - Path: users - Status: 200
[2025-05-03 02:19:23] - IP: ::1 - API Key: key123 - Path: users - Status: 200
[2025-05-03 02:19:24] - IP: ::1 - API Key: key123 - Path: users - Status: 200
[2025-05-03 02:19:24] - IP: ::1 - API Key: key123 - Path: users - Status: 200
[2025-05-03 02:19:25] - IP: ::1 - API Key: key123 - Path: users - Status: 200
[2025-05-03 02:19:25] - IP: ::1 - API Key: key123 - Path: users - Status: 200
[2025-05-03 02:19:26] - IP: ::1 - API Key: key123 - Path: users - Status: 200
[2025-05-03 02:19:26] - IP: ::1 - API Key: key123 - Path: users - Status: 200
[2025-05-03 02:19:27] - IP: ::1 - API Key: key123 - Path: users - Status: 429
[2025-05-03 02:19:27] - IP: ::1 - API Key: key123 - Path: users - Status: 429
[2025-05-03 02:30:23] - IP: ::1 - API Key: key123 - Path: users - Status: 200
[2025-05-03 02:30:48] - IP: ::1 - API Key: None - Path: users - Status: 401
[2025-05-03 02:30:52] - IP: ::1 - API Key: key123 - Path: users - Status: 200
[2025-05-03 02:31:05] - IP: ::1 - API Key: key123 - Path: users - Status: 200
[2025-05-03 02:31:06] - IP: ::1 - API Key: key123 - Path: users - Status: 200
[2025-05-03 02:31:06] - IP: ::1 - API Key: key123 - Path: users - Status: 200
[2025-05-03 02:31:07] - IP: ::1 - API Key: key123 - Path: users - Status: 200
[2025-05-03 02:31:07] - IP: ::1 - API Key: key123 - Path: users - Status: 200
[2025-05-03 02:31:08] - IP: ::1 - API Key: key123 - Path: users - Status: 200
[2025-05-03 02:31:08] - IP: ::1 - API Key: key123 - Path: users - Status: 200
[2025-05-03 02:31:09] - IP: ::1 - API Key: key123 - Path: users - Status: 200
[2025-05-03 02:31:10] - IP: ::1 - API Key: key123 - Path: users - Status: 429
[2025-05-03 02:31:16] - IP: ::1 - API Key: key123 - Path: users - Status: 429
[2025-05-03 02:32:13] - IP: ::1 - API Key: key123 - Path: dashboard - Status: 200
[2025-05-03 02:32:23] - IP: ::1 - API Key: None - Path: dashboard - Status: 401
[2025-05-03 02:32:25] - IP: ::1 - API Key: key123 - Path: dashboard - Status: 200
[2025-05-03 02:32:33] - IP: ::1 - API Key: key456 - Path: dashboard - Status: 200
[2025-05-03 02:34:46] - IP: ::1 - API Key: key456 - Path: users - Status: 200
[2025-05-03 02:35:09] - IP: ::1 - API Key: key456 - Path: users - Status: 200
[2025-05-03 02:36:32] - IP: ::1 - API Key: key456 - Path: users - Status: 200
[2025-05-03 02:36:36] - IP: ::1 - API Key: key456 - Path: products - Status: 200
